##fileformat=VCFv4.2
##FILTER=<ID=PASS,Description="All filters passed">
##reference=file://ref.fa
##contig=<ID=chr1>
##contig=<ID=chr2>
##contig=<ID=chr3>
##FORMAT=<ID=PL,Number=G,Type=Integer,Description="List of Phred-scaled genotype likelihoods">
##FORMAT=<ID=GT,Number=1,Type=String,Description="Genotype">
##INFO=<ID=AC,Number=A,Type=Integer,Description="Allele count in genotypes for each ALT allele, in the same order as listed">
##INFO=<ID=AN,Number=1,Type=Integer,Description="Total number of alleles in called genotypes">
##INFO=<ID=DP4,Number=4,Type=Integer,Description="Number of high-quality ref-forward , ref-reverse, alt-forward and alt-reverse bases">
##INFO=<ID=MQ,Number=1,Type=Integer,Description="Average mapping quality">
#CHROM	POS	ID	REF	ALT	QUAL	FILTER	INFO	FORMAT	smpl1	smpl2
chr1	621	.	A	.	24.4632	.	AN=2;DP4=11,0,1,0;MQ=41	GT	.	0/0
chr2	621	.	A	.	27.9838	.	AN=2;DP4=11,0,1,0;MQ=41	GT	0	0
chr3	621	.	A	.	24.4632	.	AN=2;DP4=11,0,1,0;MQ=41	GT	0/0	.
