##fileformat=VCFv4.2
##FILTER=<ID=PASS,Description="All filters passed">
##INFO=<ID=AD,Number=R,Type=Integer,Description="Allelic depth">
##FORMAT=<ID=AD,Number=R,Type=Integer,Description="Allelic depth">
##contig=<ID=chr1,length=249250621,assembly=hg19>
##INFO=<ID=good,Number=.,Type=Float,Description="Added by +fill-tags expression good=N_PASS(binom(FMT/AD[:0],FMT/AD[:1])>=1e-5)">
##INFO=<ID=bad,Number=.,Type=Float,Description="Added by +fill-tags expression bad=N_PASS(binom(FMT/AD[:0],FMT/AD[:1])<1e-5)">
#CHROM	POS	ID	REF	ALT	QUAL	FILTER	INFO	FORMAT	A	B	C
chr1	10153	.	AC	A	.	.	AD=3,1;good=2;bad=1	AD	10,1	20,2	30,3
chr1	10153	.	AC	A	.	.	AD=3,1;good=1;bad=0	AD	10,1	.	.
