##fileformat=VCFv4.2
##FILTER=<ID=PASS,Description="All filters passed">
##reference=ref.fa
##contig=<ID=1,length=307041717>
##FORMAT=<ID=GT,Number=1,Type=String,Description="Genotype">
#CHROM	POS	ID	REF	ALT	QUAL	FILTER	INFO	FORMAT	a	b	c	d
1	5695120	.	C	T	.	.	.	GT	0|.	.|0	1|.	.|1
