##fileformat=VCFv4.2
##FILTER=<ID=PASS,Description="All filters passed">
##FORMAT=<ID=GT,Number=1,Type=String,Description="Genotype">
##contig=<ID=chr14,length=107043718>
##reference=ref.fa
#CHROM	POS	ID	REF	ALT	QUAL	FILTER	INFO	FORMAT	74	24
chr14	53952388	.	A	C,<NON_REF>,ACCC	.	.	.	GT	0|1	0/1
