##fileformat=VCFv4.2
##FILTER=<ID=PASS,Description="All filters passed">
##FORMAT=<ID=GT,Number=1,Type=String,Description="Genotype">
##contig=<ID=chr21,length=248956422>
#CHROM	POS	ID	REF	ALT	QUAL	FILTER	INFO	FORMAT	smpl1	smpl2	smpl3	smpl4	smpl5	smpl6
chr21	14483696	rs74584932	G	GT,T	.	.	.	GT	0/0	0/1	1/1	0|0	0|1	1|1
