##fileformat=VCFv4.5
##FILTER=<ID=PASS,Description="All filters passed">
##INFO=<ID=MATEID,Number=A,Type=String,Description="ID of mate breakend">
##contig=<ID=chrA,length=500>
##contig=<ID=chrB,length=500>
#CHROM	POS	ID	REF	ALT	QUAL	FILTER	INFO
chrA	321	bnd_V	T	]chrB:123]AGTNNNNNCAT	6	PASS	MATEID=bnd_U
chrB	123	bnd_U	C	CAGTNNNNNCA[chrA:321[	6	PASS	MATEID=bnd_V
