##fileformat=VCFv4.2
##FILTER=<ID=PASS,Description="All filters passed">
##contig=<ID=1,length=249250621>
##INFO=<ID=XX,Number=1,Type=String,Description="Original variant. Format: CHR|POS|REF|ALT|USED_ALT_IDX">
#CHROM	POS	ID	REF	ALT	QUAL	FILTER	INFO
1	10	.	G	.	.	.	.
1	10	.	g	gTC	.	.	XX=1|11|T|TCT
1	10	.	g	gtC	.	.	XX=1|12|C|CTC
1	13	.	T	.	.	.	.
1	14	.	a	aGC	.	.	XX=1|14|B|BGC
