##fileformat=VCFv4.2
##FILTER=<ID=PASS,Description="All filters passed">
##reference=file://some/path/human_g1k_v37.fasta
##contig=<ID=1,length=2147483647>
##FORMAT=<ID=GT,Number=1,Type=String,Description="Genotype">
##INFO=<ID=XX,Number=1,Type=Integer,Description="Number">
##INFO=<ID=CLUSTER_SIZE,Number=1,Type=Integer,Description="The number of variants within -3 bp of the site">
#CHROM	POS	ID	REF	ALT	QUAL	FILTER	INFO	FORMAT	s1	s2	s3
1	101	.	T	A	.	.	XX=3;CLUSTER_SIZE=3	GT	0/1	0/1	0/1
1	102	.	T	A	.	.	XX=3;CLUSTER_SIZE=3	GT	0/1	0/1	0/1
1	103	.	T	A	.	.	XX=3;CLUSTER_SIZE=3	GT	0/1	0/0	0/0
1	106	.	T	A	.	.	XX=3;CLUSTER_SIZE=2	GT	0/1	1/1	1/1
1	107	.	T	A	.	.	XX=3;CLUSTER_SIZE=2	GT	0/1	0/0	0/1
