1:150	0,0,0	0
1:153	0,0,21	21
1:154	30,13,0	43
1:155	20,0,10	30
