1:150	. . 	0
1:153	.,.,. 0,0,210 	210
1:154	30,13,0 300,13,0 	356
1:155	20,0,10 200,0,10 	240
