 fmtCHROM1 fmtCHROM2 	  fmtPOS1 fmtPOS2 	  fmtID1 fmtID2 	  fmtREF1 fmtREF2 	  fmtALT1 fmtALT2 	  fmtQUAL1 fmtQUAL2 	  fmtFILTER1 fmtFILTER2
