1:150	. . 	 nan nan
1:153	.,.,. 0,0,210 	 nan 210
1:154	30,13,0 300,13,0 	 43 313
1:155	20,0,10 200,0,10 	 30 210
