 1 1 	  1000 1000 	  ID ID 	  G G 	  A A 	  999 999 	  FILTER FILTER
