1 1000 ID G A 999 FILTER 	 infoCHROM infoPOS infoID infoREF infoALT infoQUAL infoFILTER
