14464	non_coding_transcript_exon_variant
14469	non_coding_transcript_exon_variant
14522	intron_variant
