<<< 1:3000000:C (n. 1)

# Variant
+--------+---------+
| KEY    | VALUE   |
+--------+---------+
| CHROM  | 1       |
| POS    | 3000000 |
| ID     | .       |
| REF    | C       |
| ALT    | A       |
| QUAL   | 59.2    |
| FILTER | PASS    |
+--------+---------+

# INFO
+-----+-----+-------+
| KEY | IDX | VALUE |
+-----+-----+-------+
| AN  |     | 4     |
| AC  |     | 2     |
+-----+-----+-------+

# GENOTYPE TYPES
+------+-------+-----+
| Type | Count | %   |
+------+-------+-----+
| HET  | 2     | 100 |
+------+-------+-----+

# GENOTYPES
+--------+-------+-----+-----+
| SAMPLE | GTYPE | GT  | GQ  |
+--------+-------+-----+-----+
| C      | HET   | 0/1 | 245 |
| D      | HET   | 0/1 | 245 |
+--------+-------+-----+-----+

>>> 1:3000000:C (n. 1)

<<< 1:3000000:C (n. 2)

# Variant
+--------+---------+
| KEY    | VALUE   |
+--------+---------+
| CHROM  | 1       |
| POS    | 3000000 |
| ID     | id1     |
| REF    | C       |
| ALT    | A       |
| QUAL   | 59.2    |
| FILTER | PASS    |
+--------+---------+

# INFO
+-----+-----+-------+
| KEY | IDX | VALUE |
+-----+-----+-------+
| AN  |     | 4     |
| AC  |     | 2     |
| TR  | 1   | 1     |
| TR  | 2   | 2     |
| TA  |     | 1     |
| TG  | 1   | 1     |
| TG  | 2   | 2     |
| TG  | 3   | 3     |
+-----+-----+-------+

# GENOTYPE TYPES
+------+-------+-----+
| Type | Count | %   |
+------+-------+-----+
| HET  | 2     | 100 |
+------+-------+-----+

# GENOTYPES
+--------+-------+-----+-----+-----+-------+----+
| SAMPLE | GTYPE | GT  | GQ  | XR  | XG    | XA |
+--------+-------+-----+-----+-----+-------+----+
| C      | HET   | 0/1 | 245 | 4,5 | 3,4,5 | 5  |
| D      | HET   | 0/1 | 245 | 6,7 | 6,7,8 | 7  |
+--------+-------+-----+-----+-----+-------+----+

>>> 1:3000000:C (n. 2)

<<< 1:3000002:C (n. 3)

# Variant
+--------+---------+
| KEY    | VALUE   |
+--------+---------+
| CHROM  | 1       |
| POS    | 3000002 |
| ID     | id3     |
| REF    | C       |
| ALT    | A       |
| QUAL   | 59.2    |
| FILTER | PASS    |
+--------+---------+

# INFO
+-----+-----+-------+
| KEY | IDX | VALUE |
+-----+-----+-------+
| AN  |     | 4     |
| AC  |     | 2     |
| TR  | 1   | 1     |
| TR  | 2   | 2     |
| TA  |     | 1     |
| TG  | 1   | 1     |
| TG  | 2   | 2     |
| TG  | 3   | 3     |
+-----+-----+-------+

# GENOTYPE TYPES
+------+-------+-----+
| Type | Count | %   |
+------+-------+-----+
| HET  | 2     | 100 |
+------+-------+-----+

# GENOTYPES
+--------+-------+-----+-----+-----+-------+----+
| SAMPLE | GTYPE | GT  | GQ  | XR  | XG    | XA |
+--------+-------+-----+-----+-----+-------+----+
| C      | HET   | 0/1 | 245 | .   | .     | .  |
| D      | HET   | 0/1 | 245 | 1,2 | 1,2,3 | 2  |
+--------+-------+-----+-----+-----+-------+----+

>>> 1:3000002:C (n. 3)

<<< 1:3000002:C (n. 4)

# Variant
+--------+---------+
| KEY    | VALUE   |
+--------+---------+
| CHROM  | 1       |
| POS    | 3000002 |
| ID     | id2     |
| REF    | C       |
| ALT    | A       |
| QUAL   | 59.2    |
| FILTER | PASS    |
+--------+---------+

# INFO
+-----+-----+-------+
| KEY | IDX | VALUE |
+-----+-----+-------+
| AN  |     | 4     |
| AC  |     | 2     |
| TR  | 1   | 1     |
| TR  | 2   | 2     |
| TA  |     | 1     |
| TG  | 1   | 1     |
| TG  | 2   | 2     |
| TG  | 3   | 3     |
+-----+-----+-------+

# GENOTYPE TYPES
+------+-------+-----+
| Type | Count | %   |
+------+-------+-----+
| HET  | 2     | 100 |
+------+-------+-----+

# GENOTYPES
+--------+-------+-----+-----+----+----+----+
| SAMPLE | GTYPE | GT  | GQ  | XR | XG | XA |
+--------+-------+-----+-----+----+----+----+
| C      | HET   | 0/1 | 245 | .  | .  | .  |
| D      | HET   | 0/1 | 245 | .  | .  | .  |
+--------+-------+-----+-----+----+----+----+

>>> 1:3000002:C (n. 4)

<<< 1:3000002:C (n. 5)

# Variant
+--------+---------+
| KEY    | VALUE   |
+--------+---------+
| CHROM  | 1       |
| POS    | 3000002 |
| ID     | .       |
| REF    | C       |
| ALT    | A       |
| QUAL   | 59.2    |
| FILTER | PASS    |
+--------+---------+

# INFO
+-----+-----+-------+
| KEY | IDX | VALUE |
+-----+-----+-------+
| AN  |     | 4     |
| AC  |     | 2     |
+-----+-----+-------+

# GENOTYPE TYPES
+------+-------+-----+
| Type | Count | %   |
+------+-------+-----+
| HET  | 2     | 100 |
+------+-------+-----+

# GENOTYPES
+--------+-------+-----+-----+
| SAMPLE | GTYPE | GT  | GQ  |
+--------+-------+-----+-----+
| C      | HET   | 0/1 | 245 |
| D      | HET   | 0/1 | 245 |
+--------+-------+-----+-----+

>>> 1:3000002:C (n. 5)

