start_retained|HRNR|ENST00000368801|protein_coding|-|1M>1L|11192T>G
